// Jest Snapshot v1, https://goo.gl/fbAQLP

exports[`Movie Details should match snapshot 1`] = `
<.sc-bdVaJa
  className="movieDetails-ul"
/>
`;
