// Jest Snapshot v1, https://goo.gl/fbAQLP

exports[`Header should match snapshot 1`] = `
<.sc-bdVaJa
  className="header-title"
>
  <.sc-bwzfXH
    alt="logo"
    className="header-logo"
    src="logo.png"
  />
  <h2>
    Ksubaka Tech Assessment
  </h2>
</.sc-bdVaJa>
`;
